
> @socialcap/semaphore-sdk@0.1.1 test /home/mzito/dev/work/socialcap/semaphore-sdk
> node --experimental-vm-modules node_modules/jest/bin/jest.js

  console.log
    Running in Node

      at src/config.ts:30:11

  console.log
    Identity {
      label: 'testidn',
      commitment: '22890866124388902241829624271087086285815317836829290968831865512532491597224',
      sk: 'EKFXkweJXKnswox6FKBchv5MSdMuivj41VZzmTAEgEWXJS8wD42X',
      pk: 'B62qrUhhbXFxiuwAAkv9SdpSCcwVJfZB1PesH3K4aKpCxCtrAC6vUWJ',
      pin: '605435',
      skHash: '14089754842396371410115221604903539349620438109746333261345582367597946887404',
      pinHash: '2372398418797923833604451882489836439224464022320775409451566413164332823127',
      encryptionKey: '',
      ownershipProof: ''
    }

      at Object.<anonymous> (tests/identity.test.ts:12:13)

  console.log
    File has been saved to /home/mzito/.private/testidn.identity.json

      at savePrivateFile (src/private.ts:42:15)

  console.log
    Identity {
      label: 'testidn',
      commitment: '22890866124388902241829624271087086285815317836829290968831865512532491597224',
      sk: 'EKFXkweJXKnswox6FKBchv5MSdMuivj41VZzmTAEgEWXJS8wD42X',
      pk: 'B62qrUhhbXFxiuwAAkv9SdpSCcwVJfZB1PesH3K4aKpCxCtrAC6vUWJ',
      pin: '605435',
      skHash: '14089754842396371410115221604903539349620438109746333261345582367597946887404',
      pinHash: '2372398418797923833604451882489836439224464022320775409451566413164332823127',
      encryptionKey: '',
      ownershipProof: ''
    }

      at Object.<anonymous> (tests/identity.test.ts:20:13)

  console.log
    Running in Node

      at src/config.ts:30:11

  console.log
    Running in Node

      at src/config.ts:30:11

  console.log
    Identity {
      label: 'testidn',
      commitment: '15757076704481216964203221272975197840975555353827181392926190967553152074220',
      sk: 'EKECMjbyxGodiVzkPmZgqQvoUnfSDkbT3o5nVcrjvVHnAfMorXnC',
      pk: 'B62qmR6c6RM7WneGzWdjcpGPXX8etkj4PbhaSz4jF1Vxi8cA44srpmW',
      pin: '010203',
      skHash: '1827932443023060026029157073062400750279534890980297091903134687142837979525',
      pinHash: '983310180389079623531156709828339721911727949145090718598136583003430526092',
      encryptionKey: '',
      ownershipProof: ''
    }

      at tests/prover.test.ts:11:11

  console.log
    Reading from cache srs-fp-65536

      at FileSystemCache.read (src/cache.ts:15:13)

  console.log
    Writing to cache srs-fp-65536

      at FileSystemCache.write (src/cache.ts:26:13)

  console.log
    Reading from cache srs-fq-32768

      at FileSystemCache.read (src/cache.ts:15:13)

  console.log
    Writing to cache srs-fq-32768

      at FileSystemCache.write (src/cache.ts:26:13)

  console.log
    Reading from cache lagrange-basis-fq-16384

      at FileSystemCache.read (src/cache.ts:15:13)

  console.log
    File has been saved to /home/mzito/.private/identity-prover-vk.identity.json

      at savePrivateFile (src/private.ts:42:15)

  console.log
    Signature {
      r: Field { value: [ 0, [Array] ] },
      s: Scalar {
        lowBit: Bool { value: [Array] },
        high254: Field { value: [Array] }
      }
    }

      at Object.<anonymous> (tests/prover.test.ts:22:13)

  console.log
    Writing to cache lagrange-basis-fq-16384

      at FileSystemCache.write (src/cache.ts:26:13)

  console.log
    Reading from cache step-vk-prove-commited-identity-proveownership

      at FileSystemCache.read (src/cache.ts:15:13)

  console.log
    Reading from cache step-pk-prove-commited-identity-proveownership

      at FileSystemCache.read (src/cache.ts:15:13)

  console.log
    Writing to cache step-pk-prove-commited-identity-proveownership

      at FileSystemCache.write (src/cache.ts:26:13)

  console.log
    Writing to cache step-vk-prove-commited-identity-proveownership

      at FileSystemCache.write (src/cache.ts:26:13)

  console.log
    Reading from cache step-vk-prove-commited-identity-verifyidentity

      at FileSystemCache.read (src/cache.ts:15:13)

  console.log
    Reading from cache step-pk-prove-commited-identity-verifyidentity

      at FileSystemCache.read (src/cache.ts:15:13)

  console.log
    Writing to cache step-pk-prove-commited-identity-verifyidentity

      at FileSystemCache.write (src/cache.ts:26:13)

  console.log
    Writing to cache step-vk-prove-commited-identity-verifyidentity

      at FileSystemCache.write (src/cache.ts:26:13)

  console.log
    ownershipProof:  {
      proof: ProgramProof {
        shouldVerify: Bool { value: [Array] },
        publicInput: Field { value: [Array] },
        publicOutput: Field { value: [Array] },
        proof: [ 0, [Array] ],
        maxProofsVerified: 1
      },
      auxiliaryOutput: undefined
    } "15757076704481216964203221272975197840975555353827181392926190967553152074220" "15757076704481216964203221272975197840975555353827181392926190967553152074220"

      at Object.<anonymous> (tests/prover.test.ts:31:13)

  console.log
    Reading from cache wrap-vk-prove-commited-identity

      at FileSystemCache.read (src/cache.ts:15:13)

  console.log
    Reading from cache wrap-pk-prove-commited-identity

      at FileSystemCache.read (src/cache.ts:15:13)

  console.log
    ownershipProof ok?  true

      at Object.<anonymous> (tests/prover.test.ts:40:13)

  console.log
    Signature {
      r: Field { value: [ 0, [Array] ] },
      s: Scalar {
        lowBit: Bool { value: [Array] },
        high254: Field { value: [Array] }
      }
    }

      at Object.<anonymous> (tests/prover.test.ts:46:13)

  console.log
    Writing to cache wrap-pk-prove-commited-identity

      at FileSystemCache.write (src/cache.ts:26:13)

  console.log
    Writing to cache wrap-vk-prove-commited-identity

      at FileSystemCache.write (src/cache.ts:26:13)

  console.log
    Reading from cache wrap-vk-prove-commited-identity

      at FileSystemCache.read (src/cache.ts:15:13)

  console.log
    Compiled {
      verificationKey: {
        data: 'AQFEtdU9c2yzd7d5rUMW2VX8NC2wY7R11bv3o/U1evY4F9gzWhNu9fRcJiVr4PK82ElwQZyVT2Xsg8dW1/p2vzMAOFI72x0mGjYNMx0PgpVJcWsiJ4O3iGIfqt+o6VswhQR33lqpIM3ufYgVFBE171UPUo3lLA88Af96hOSaORxAJo56R6QdSZPY2eBqqedkCQn+4pFD1tcCdLob48V9xAc97+0VN0OqbaZZkFP0LGq1o3R5W+T9IV+JIRzNfNp3MgKXbVm2nKPTf0/rDHD0aZzjSliDoNoKUUmuuPwBDtimIJp4am3tyw1vU19Y9dBUkkBEJS8mgMT/pMbyqkZgwx8gg9G9uk5gwqkKT5J/fuZO7QwwZu+gEzCnrEXXvEwg4xxq9F6S37G3Cg98BrjREQ7jW3UVPnx1ZBYtMpyypbqRI1OIVhje2qDjlLTypv7yYv23fVMx9aMgcw3rYqCnhkcsdIrrqrhV0DQmbdpCsX8n6vjYuzf7be2XSdxXlktzaiboi/c/eHRlutFK0uAOQIhmEQzqTmM5veVVr7wlfmWJA6fOGs18dYTInKBI+ZDAvUB7LOvopQ9RxrDTLEFhkd8fADHp7SZWLJ0eUby9AaCbICR4YSNvcwcuPItt87FAUfs2PdldCasE8ymWTNLFrzyULm35M4uqa+5gtkMK7CNkTQ4z7aaQ9lmHCr0A6sYb6iVFKZN77uonp0LHX12Wjw5nCBXio4pVbx5IFLeltq04kiCXox90prB8gddqVjJGCN8BC9WuM8WFXJQx/oZ7/3Q4a8REk5rr+zE7QAKRmwSUVg5d99mqKrxO8Thm4yAUpLeiVqZH9vnMqdSN/epmH/1uMgBii2lNLi1SYjbo3SlYD7YvELPXjQCJCuMWWT8uTRsPmSj5nCCoiq34dw1jnylGH70lz0/PFr+2dlTf0AR+AzDEmFM/m7wpVA/IP8SxZo6hhjPnzzxiESbqA4H8xLeaEfCSukB/m0C3ItrjcC7SCRWlo3usjAoGGZlJhHXjNYcqapIqUHKQvTsyztNGLhD5di73ADehZ2kLrs108ui2ySKr091r3ic77+ITWCF3rXp23PawMeE5YRpsgmJOyE3zJ6c6rKglCnyEhRNlCer7k0bwTpwTxoCgnu1OT8cY2aQAX8mq6bDEEwxz+Yrjbui5Kryu8RI4rHQ3R2Ey1h2Dpi2UkN8mQieH33U7dX9oVUIpR53aCbSWFIHFdWWBX/vSA9TeWx1GY1JV4EZ3quzzUyWuj1it/PGzOhEz/j9MqeYL7EBkJZ2zGXiHZkvuJ+jiojyHCt5g1RHuboFF0pC5aTHytWHQ0flQzl05Chw3W/VW4mtdHL0hfWeSZVWiJvdnIIaKszSnP+RlfIpaJ6r6trvWyj9P7vHH7TPAFi3liAUof2NFukFcEKS7BGVuimRQMAJ4xsaAoA/Vi2M2CFke7QCT3AWya8SKqQ8JQkCmmA31DQjo3a7qLN7lKJuYE3OeMm3EaQlq/dZcI2V/WYZbSpc5kiYYR+o4vHHuOuEqWtIdmKyKSHkTeoO9Kw1MAPTP5U2ooiI1ew04VPrVU95uOzovmdxTBShq9UX8Cnrmzu8XsB24Htap9EcUCmFlEMn4IHjZX75geFu0ZXYPeX8YDtbc/lXA0n16XNchj/YW57oDeOFh0+BRu5336mJqQC3+t0Ykbnnymfk+u2l/bHrKlxhGcnci6L31stGk93r2lS75ikiutEqcfj7UlMBk2ZtaIi8OvN/pmFkfIqukcHOJFqaKnDXli5/S6c+Lbtc6o7cLDZVQ3OLMMqv1kBL31nge32VeSoFlC2ERHy8e4ZfF/gww6q/fDrK2b6aM7/ErHm4im/zrKNYehZ9i3zNMFNhJBwAfzihz2ExBBN3y1e2TDEZ0xp38HjlT/RZ67s78hjWVLGpHnnkbXQKMd5ynhG301AynnYRp8rgsRkD1LNu8glwdu/LK2AdSh7HbaXim+nDN0s2s5cbu3i7x2cr6hS1VGzJ3nUupVeK5VhAaNP54EWnAW0felAjQ0qVj54hUu6VOGTiBYUMXHznMFNX9ShPyhMoBnNLgSamGmlomFwfKn8cUj9Za+ZD6CupVgPcqBFoXGRYaQBM4bNeyLnPIaivP4x/Dp8/bo6wypstqPfteJjgM1Up5I5wn6jU1AEOaIMpPDL49E5X//xJMR/88N/LSkexp3jVvh3bE+DjVOF+qcpEXkAa7L3zELdYTt2lXoeqcZCBpIyq9WGPw5qi7v6JVTBBjj442p4bbVJkLvQF3KZVRxrrnSsP2erA/3EVquarjK2OafhpLJMfq45/3XebaSq8F8b85jvtS+Jv4n4MA6lMnuQ9MhhB+rouWs+nsYJ18gwzuAZyc/PnSSP4Cjnz07Dw=',
        hash: Field { value: [Array] }
      }
    }

      at Object.<anonymous> (tests/cache.test.ts:19:13)

  console.log
    Reading from cache step-vk-prove-commited-identity-proveownership

      at FileSystemCache.read (src/cache.ts:15:13)

  console.log
    Reading from cache step-vk-prove-commited-identity-verifyidentity

      at FileSystemCache.read (src/cache.ts:15:13)

  console.log
    Reading from cache wrap-vk-prove-commited-identity

      at FileSystemCache.read (src/cache.ts:15:13)

  console.log
    Compiled {
      verificationKey: {
        data: 'AQFEtdU9c2yzd7d5rUMW2VX8NC2wY7R11bv3o/U1evY4F9gzWhNu9fRcJiVr4PK82ElwQZyVT2Xsg8dW1/p2vzMAOFI72x0mGjYNMx0PgpVJcWsiJ4O3iGIfqt+o6VswhQR33lqpIM3ufYgVFBE171UPUo3lLA88Af96hOSaORxAJo56R6QdSZPY2eBqqedkCQn+4pFD1tcCdLob48V9xAc97+0VN0OqbaZZkFP0LGq1o3R5W+T9IV+JIRzNfNp3MgKXbVm2nKPTf0/rDHD0aZzjSliDoNoKUUmuuPwBDtimIJp4am3tyw1vU19Y9dBUkkBEJS8mgMT/pMbyqkZgwx8gg9G9uk5gwqkKT5J/fuZO7QwwZu+gEzCnrEXXvEwg4xxq9F6S37G3Cg98BrjREQ7jW3UVPnx1ZBYtMpyypbqRI1OIVhje2qDjlLTypv7yYv23fVMx9aMgcw3rYqCnhkcsdIrrqrhV0DQmbdpCsX8n6vjYuzf7be2XSdxXlktzaiboi/c/eHRlutFK0uAOQIhmEQzqTmM5veVVr7wlfmWJA6fOGs18dYTInKBI+ZDAvUB7LOvopQ9RxrDTLEFhkd8fADHp7SZWLJ0eUby9AaCbICR4YSNvcwcuPItt87FAUfs2PdldCasE8ymWTNLFrzyULm35M4uqa+5gtkMK7CNkTQ4z7aaQ9lmHCr0A6sYb6iVFKZN77uonp0LHX12Wjw5nCBXio4pVbx5IFLeltq04kiCXox90prB8gddqVjJGCN8BC9WuM8WFXJQx/oZ7/3Q4a8REk5rr+zE7QAKRmwSUVg5d99mqKrxO8Thm4yAUpLeiVqZH9vnMqdSN/epmH/1uMgBii2lNLi1SYjbo3SlYD7YvELPXjQCJCuMWWT8uTRsPmSj5nCCoiq34dw1jnylGH70lz0/PFr+2dlTf0AR+AzDEmFM/m7wpVA/IP8SxZo6hhjPnzzxiESbqA4H8xLeaEfCSukB/m0C3ItrjcC7SCRWlo3usjAoGGZlJhHXjNYcqapIqUHKQvTsyztNGLhD5di73ADehZ2kLrs108ui2ySKr091r3ic77+ITWCF3rXp23PawMeE5YRpsgmJOyE3zJ6c6rKglCnyEhRNlCer7k0bwTpwTxoCgnu1OT8cY2aQAX8mq6bDEEwxz+Yrjbui5Kryu8RI4rHQ3R2Ey1h2Dpi2UkN8mQieH33U7dX9oVUIpR53aCbSWFIHFdWWBX/vSA9TeWx1GY1JV4EZ3quzzUyWuj1it/PGzOhEz/j9MqeYL7EBkJZ2zGXiHZkvuJ+jiojyHCt5g1RHuboFF0pC5aTHytWHQ0flQzl05Chw3W/VW4mtdHL0hfWeSZVWiJvdnIIaKszSnP+RlfIpaJ6r6trvWyj9P7vHH7TPAFi3liAUof2NFukFcEKS7BGVuimRQMAJ4xsaAoA/Vi2M2CFke7QCT3AWya8SKqQ8JQkCmmA31DQjo3a7qLN7lKJuYE3OeMm3EaQlq/dZcI2V/WYZbSpc5kiYYR+o4vHHuOuEqWtIdmKyKSHkTeoO9Kw1MAPTP5U2ooiI1ew04VPrVU95uOzovmdxTBShq9UX8Cnrmzu8XsB24Htap9EcUCmFlEMn4IHjZX75geFu0ZXYPeX8YDtbc/lXA0n16XNchj/YW57oDeOFh0+BRu5336mJqQC3+t0Ykbnnymfk+u2l/bHrKlxhGcnci6L31stGk93r2lS75ikiutEqcfj7UlMBk2ZtaIi8OvN/pmFkfIqukcHOJFqaKnDXli5/S6c+Lbtc6o7cLDZVQ3OLMMqv1kBL31nge32VeSoFlC2ERHy8e4ZfF/gww6q/fDrK2b6aM7/ErHm4im/zrKNYehZ9i3zNMFNhJBwAfzihz2ExBBN3y1e2TDEZ0xp38HjlT/RZ67s78hjWVLGpHnnkbXQKMd5ynhG301AynnYRp8rgsRkD1LNu8glwdu/LK2AdSh7HbaXim+nDN0s2s5cbu3i7x2cr6hS1VGzJ3nUupVeK5VhAaNP54EWnAW0felAjQ0qVj54hUu6VOGTiBYUMXHznMFNX9ShPyhMoBnNLgSamGmlomFwfKn8cUj9Za+ZD6CupVgPcqBFoXGRYaQBM4bNeyLnPIaivP4x/Dp8/bo6wypstqPfteJjgM1Up5I5wn6jU1AEOaIMpPDL49E5X//xJMR/88N/LSkexp3jVvh3bE+DjVOF+qcpEXkAa7L3zELdYTt2lXoeqcZCBpIyq9WGPw5qi7v6JVTBBjj442p4bbVJkLvQF3KZVRxrrnSsP2erA/3EVquarjK2OafhpLJMfq45/3XebaSq8F8b85jvtS+Jv4n4MA6lMnuQ9MhhB+rouWs+nsYJ18gwzuAZyc/PnSSP4Cjnz07Dw=',
        hash: Field { value: [Array] }
      }
    }

      at Object.<anonymous> (tests/cache.test.ts:27:13)

  console.log
    verifiedIdentity:  {
      proof: ProgramProof {
        shouldVerify: Bool { value: [Array] },
        publicInput: Field { value: [Array] },
        publicOutput: Field { value: [Array] },
        proof: [ 0, [Array] ],
        maxProofsVerified: 1
      },
      auxiliaryOutput: undefined
    } "15757076704481216964203221272975197840975555353827181392926190967553152074220" "15757076704481216964203221272975197840975555353827181392926190967553152074220"

      at Object.<anonymous> (tests/prover.test.ts:55:13)

  console.log
    verifyIdentity ok?  true

      at Object.<anonymous> (tests/prover.test.ts:63:13)

  console.log
    stringifiedJsonProof "{"publicInput":["15757076704481216964203221272975197840975555353827181392926190967553152074220"],"publicOutput":["15757076704481216964203221272975197840975555353827181392926190967553152074220"],"maxProofsVerified":1,"proof":"KChzdGF0ZW1lbnQoKHByb29mX3N0YXRlKChkZWZlcnJlZF92YWx1ZXMoKHBsb25rKChhbHBoYSgoaW5uZXIoNmJiOTljN2MwYWQ4YjMyMyA3MDEwNTc2YTY0YTg3M2M5KSkpKShiZXRhKDU4MGRhMTgyMjM3OTBmY2UgYjUzOTFmZTMwNTYxMDg0YikpKGdhbW1hKGE0MmVlMGMwNzIzODZhODggMWM3YmJjNmQyMDI0YTZmYSkpKHpldGEoKGlubmVyKDA3MTEzZjdkZjA0NDJlYjggNTE5ZDhhMmVmMDdiYmMwNSkpKSkoam9pbnRfY29tYmluZXIoKChpbm5lcigwMDAwMDAwMDAwMDAwMDAwIDAwMDAwMDAwMDAwMDAwMDApKSkpKShmZWF0dXJlX2ZsYWdzKChyYW5nZV9jaGVjazAgdHJ1ZSkocmFuZ2VfY2hlY2sxIHRydWUpKGZvcmVpZ25fZmllbGRfYWRkIHRydWUpKGZvcmVpZ25fZmllbGRfbXVsIGZhbHNlKSh4b3IgZmFsc2UpKHJvdCBmYWxzZSkobG9va3VwIGZhbHNlKShydW50aW1lX3RhYmxlcyBmYWxzZSkpKSkpKGJ1bGxldHByb29mX2NoYWxsZW5nZXMoKChwcmVjaGFsbGVuZ2UoKGlubmVyKGRmNDE3ODI1OTMxNjExYmQgZjUyYjE4MjIzNjJhNDBhMikpKSkpKChwcmVjaGFsbGVuZ2UoKGlubmVyKGI2NzBiOTA2NjRmMTRlZWMgY2Q2YzUzNDRkYjQ4OTYzNykpKSkpKChwcmVjaGFsbGVuZ2UoKGlubmVyKDg3OTllNDUxMjM4YTlhOWYgZDg2YWNiZDEyOWQ2NzQ1OSkpKSkpKChwcmVjaGFsbGVuZ2UoKGlubmVyKGExZDhhZjdlODU5N2UwNDAgYzhmYjAwMjAyOWRkNzdhMCkpKSkpKChwcmVjaGFsbGVuZ2UoKGlubmVyKGI3YTUwODUwZDdhNzZhZTEgZGZmNDE4YzEzNGVmMmIxZikpKSkpKChwcmVjaGFsbGVuZ2UoKGlubmVyKGZlY2Q5NDhlYmIyNmNlOWMgZDRhMmI5ODI1MzBhMTVjZSkpKSkpKChwcmVjaGFsbGVuZ2UoKGlubmVyKDQwOWMyMjEwNDBjOGYwOTIgYTcxODZmODA5OGY1YWQ4MikpKSkpKChwcmVjaGFsbGVuZ2UoKGlubmVyKGRiYWEzMDM0OGNjZDQ3YmMgNjE5YjRiZTEzY2VkYTg5NikpKSkpKChwcmVjaGFsbGVuZ2UoKGlubmVyKDI0N2U3ZjM5NDFjN2FkNzkgNTU0YjhiOGMxZmI2MWI4NSkpKSkpKChwcmVjaGFsbGVuZ2UoKGlubmVyKDliZDZlZWYzNWVjYTk0MmMgZWE4ZTAwMDc2OGY4MzYyOSkpKSkpKChwcmVjaGFsbGVuZ2UoKGlubmVyKDhiNDMwZjQxNDQ2ZDI1OGYgZDQxOGQ3NDQzNmY3YTlhNSkpKSkpKChwcmVjaGFsbGVuZ2UoKGlubmVyKDBhMDUwYzc0ZGIwMmRkYzAgZDc4MTNmZmVhYjExMWZlNykpKSkpKChwcmVjaGFsbGVuZ2UoKGlubmVyKDBmNzMzMzUwYjRlNWEzMzMgNmIyYWE2NWM0MzEyYmY0MikpKSkpKChwcmVjaGFsbGVuZ2UoKGlubmVyKGIxOGEzZjcwMTIzM2U2MDMgMTRhZTk2ODg1MThiYzU4MykpKSkpKChwcmVjaGFsbGVuZ2UoKGlubmVyKGEzNmZmYWUwYjA1YjhiZDIgMjdiY2Y5MGZiMjZmZWU5NykpKSkpKChwcmVjaGFsbGVuZ2UoKGlubmVyKDRlNmYyNzk1NjNkNjdlZjIgNzc3ZjBiNTBmOWE4ZDVjNikpKSkpKSkoYnJhbmNoX2RhdGEoKHByb29mc192ZXJpZmllZCBOMCkoZG9tYWluX2xvZzIiXHIiKSkpKSkoc3BvbmdlX2RpZ2VzdF9iZWZvcmVfZXZhbHVhdGlvbnMoOWM0YjdiMGU0MDdkYTdhZCBkYTZmOTgyY2Y3MzU3YzAzIDUwZGZhYmRjNTc2MWE4MjYgMzJmNDIxZjJlMzk0YzY2NykpKG1lc3NhZ2VzX2Zvcl9uZXh0X3dyYXBfcHJvb2YoKGNoYWxsZW5nZV9wb2x5bm9taWFsX2NvbW1pdG1lbnQoMHgwMTgyN0NGREFDOUMyMDYwNkJFNEFDQjg3NkU3OUUzQjhCREJGM0ZBNDdFQjNEOUIwQjM1MjM0RTgyMEFEOUY2IDB4MTg0Mjk4MjlFNDI4QjJENzAxRjgwMTgwOEZFMDA3QzcwRDEwODQ2MzcxQUJBMjYxNUVDNkZDMzY3MjIzOUJEMCkpKG9sZF9idWxsZXRwcm9vZl9jaGFsbGVuZ2VzKCgoKHByZWNoYWxsZW5nZSgoaW5uZXIoMzM4MmIzYzlhY2U2YmY2ZiA3OTk3NDM1OGY5NzYxODYzKSkpKSkoKHByZWNoYWxsZW5nZSgoaW5uZXIoZGQzYTJiMDZlOTg4ODc5NyBkZDdhZTY0MDI5NDRhMWM3KSkpKSkoKHByZWNoYWxsZW5nZSgoaW5uZXIoYzZlOGU1MzBmNDljOWZjYiAwN2RkYmI2NWNkYTA5Y2RkKSkpKSkoKHByZWNoYWxsZW5nZSgoaW5uZXIoNTMyYzU5YTI4NzY5MWExMyBhOTIxYmNiMDJhNjU2ZjdiKSkpKSkoKHByZWNoYWxsZW5nZSgoaW5uZXIoZTI5Yzc3YjE4ZjEwMDc4YiBmODVjNWYwMGRmNmIwY2VlKSkpKSkoKHByZWNoYWxsZW5nZSgoaW5uZXIoMWRiZGE3MmQwN2IwOWM4NyA0ZDFiOTdlMmU5NWYyNmEwKSkpKSkoKHByZWNoYWxsZW5nZSgoaW5uZXIoOWM3NTc0N2M1NjgwNWYxMSBhMWZlNjM2OWZhY2VmMWU4KSkpKSkoKHByZWNoYWxsZW5nZSgoaW5uZXIoNWMyYjhhZGZkYmU5NjA0ZCA1YThjNzE4Y2YyMTBmNzliKSkpKSkoKHByZWNoYWxsZW5nZSgoaW5uZXIoMjJjMGIzNWM1MWUwNmI0OCBhNjg4OGI3MzQwYTk2ZGVkKSkpKSkoKHByZWNoYWxsZW5nZSgoaW5uZXIoOTAwN2Q3YjU1ZTc2NjQ2ZSBjMWM2OGIzOWRiNGU4ZTEyKSkpKSkoKHByZWNoYWxsZW5nZSgoaW5uZXIoNDQ0NWUzNWUzNzNmMmJjOSA5ZDQwYzcxNWZjOGNjZGU1KSkpKSkoKHByZWNoYWxsZW5nZSgoaW5uZXIoNDI5ODgyODQ0YmJjYWE0ZSA5N2E5MjdkN2QwYWZiN2JjKSkpKSkoKHByZWNoYWxsZW5nZSgoaW5uZXIoOTljYTNkNWJmZmZkNmU3NyBlZmU2NmE1NTE1NWM0Mjk0KSkpKSkoKHByZWNoYWxsZW5nZSgoaW5uZXIoNGI3ZGIyNzEyMTk3OTk1NCA5NTFmYTJlMDYxOTNjODQwKSkpKSkoKHByZWNoYWxsZW5nZSgoaW5uZXIoMmNkMWNjYmViMjA3NDdiMyA1YmQxZGUzY2YyNjQwMjFkKSkpKSkpKSkpKSkpKG1lc3NhZ2VzX2Zvcl9uZXh0X3N0ZXBfcHJvb2YoKGFwcF9zdGF0ZSgpKShjaGFsbGVuZ2VfcG9seW5vbWlhbF9jb21taXRtZW50cygpKShvbGRfYnVsbGV0cHJvb2ZfY2hhbGxlbmdlcygpKSkpKSkocHJldl9ldmFscygoZXZhbHMoKHB1YmxpY19pbnB1dCgweDI1QzFDMTBEOTE0MUY3MzEwMjRCMTAxNUQxM0JBMzdCQTNGNTI0Q0JCQjJGNTUzRjE2QzY2RDFBMDZGNTgwMDIgMHgwRDNGRkIwNUMzRTkwQzM4QkI5OTE2REQ2QzJBOTk4RkI5RjUwNDZDMjNFRTdEMDExMzcxMDE3RjUxM0ZFNkNEKSkoZXZhbHMoKHcoKCgweDE4RkY1QjhEODg4NkNEODcwMjY4MDMyRDk3OTQwNUE4MjUzMjc2RTNFOTJBRUE3N0U3Q0E1NDk2QzFCQjIwQ0EpKDB4MzkxODBENjVFQjdCNjc1MTg1REU3MkUxNzM5NTZGOTk3MzJBQzlGQzVDQTY1QUQxMTU4Njk1NDQ0Q0E5ODIwQSkpKCgweDE4Q0ExMjkyQzQ3Q0MyQ0IwMzQzMkZGQTg2Rjg1QTYwNTUyOTkwRkUzODg3RDdCNjYwQTA2Q0UwQjM2NDlCQkUpKDB4MEMzMTFFNjAzM0FENENBMUY4QjAxNzRBMDA0RkYzQzY5ODg0MDlGQzVCRkJFRjcwRTEzMTNENzNEMDcxMDUwRCkpKCgweDEwRjNGQUUyNTNFRjI5OTNCMEJDRjY3QjAzRDc2OENFRTg0OEZBNzQzMjg3MTU0NDBENDFCN0IyN0EzMURFMEEpKDB4MjM0MTUxNDk3RkQyQTdBQTE2NDJFNDY3MkNBMEFDMkVDNzk1ODRGM0FDRDA2RDRCMTBERjE0RjhDRjZBRkUxMSkpKCgweDEwMzMyOTdERDVCNzQyOUY2QzZEREU4NzY1RkI2OTdGOTUwMjdENUE5NUEwNkM0MjE0MDY0NDlFQjJGQUE2NUQpKDB4MEJCMkZFOTcwM0ZEN0RDMUIyNEVDQTY1QzI4Njc0OTMwNDAxM0NBQzlEMzZCODZFOEMzQThBRTUzRUQ2MTIyNikpKCgweDMxNzE1NkM3MjU2QTIwNTNFMDlCNjdCMTQzNjJGMzgwOEQ5RkEyM0RDMTAyOTVFQjlGNDU2NjExRjZDMTUzQUMpKDB4MkMzODA4RjFGMDBDMjExOEU3RkE3Qzk2RDFCMDJFNThCNDJEQUQyNUZCNDRGQkJDQjdGN0Y0Mjc4MzFFODMxNCkpKCgweDIyRDUwMjBGQzcyMTJDQjc3NDNFODQwNUM0RkMwMEU5NTdBMDEwRjQ4MDNCMTA2OUZEQzQyODkyNTYxNDgwOTIpKDB4MTY5QzEyQjE2MzI4OEE3QUYwQTJFQTdERUQzMTM3RjM2M0ZDQTg3QjU5MTNCQjQ4RUMzOTI4QzZEMkJGQTIwMykpKCgweDA1RjREOTkyMDExQzlENzE5QkUzNEMzM0NDMDI0QjkwQURFNUVBNzg1NzQwMTI2OTdFQzc4RTU2RDI0MEU1QkEpKDB4MkUyNjA5M0UzQ0ZBNjQxRjRCNjg2REE1RUIwOUM3OTAyOTgwNzhCNDlGNUFBQ0QyRkZBQkIyMkNGRDNCOTJBMikpKCgweDJCMjk2OEY4QzQ2N0M2QURGQjI5QTlFNzcxQUZEMDU4Mzk4N0ZFQkEzQTJFODI2RTVFRkRBRkQ2MEZEMTEzMzApKDB4MENBNzk5QTBBRjNBMkREQkUxRUVBNzgyMDQwMkE3OUE1QjBDRTI2QzkyQkM3MDQ4QjU5QTgzNzU2REU5MUQ2MikpKCgweDFENjcyMDJEOUQxRkNDNDE3N0VDM0EwNEMxRjk3MEIxODc3QkQ2Mzg4REMxQUExQUFCMTREMTBBMkQwOURBQjEpKDB4MEMyRTExMzIxNTI1MTA1NkM4NjcxRkFFQzlEQzEzRTVCNzVCNDhBRDI4OENGMTRCMTFFOUFGRTcxMzYxOUYwQSkpKCgweDE2QjJDMzU2N0NGNkQyMUU0QkQxNjQzMjgxODU3REU3Q0RFNkQwREY0RUFERjZDQUZCNzYzRDQxQUY4NjFBODgpKDB4MzY5NjkzNzBCREMxQjVDQTFDMzQwMEI1ODVEODNCODU4MkRDNzZBNjJGQkM5NUQzRENDNjI2QkMwNTZDOTQwQikpKCgweDMxMkRFOUE4NkNGNDM1NjNBMEZBMTEwNzc1MjlERTgyMUQ5Q0I1Qjc2QkUyMUU1MzE2OEY5OERDMDMxNDFGRjcpKDB4MTc3RUQ5REE4MkU3RjdDQ0YzODA1ODExMDhBQzQwRDAxMUI4Mzc0OUUwNTVEODQ0NDlCQjRCNjcwNjBCNTJFRSkpKCgweDM2MjYwQTc2Q0EyNDg3MDY2MDcyRTIxNUE0OUZBQzg4OURCMDFBM0U3M0I2OEEyQTE5OTNGQjdBMTBBOTVCRTgpKDB4MEZEOUE4MzY1N0UwRThERDM5MjE5ODMyMEQ3RjgyRTM1QzZBRjZGOTdDNDI2ODVENDA1MjM0OEJDNTQ3RUJGMSkpKCgweDI0NDIxMjZFMTBCMzIzQThFRTU3QUQyODk3NTQwRjBEQkM1MkM5M0FFQjNDNDlGMzJFRkU4M0RDOEIyMzY4NDQpKDB4MjI5MzI2Njg3QjREOEE3NEQ5QUNEMUMyMzcwODIzNzE2MTdDMTg3Qjg5NzQzRTY0M0RGQzgxMzg1NTE5ODdEOSkpKCgweDI2NDY3MUQzOEZBRUEwMzVBRUM1RjVDOTBFRUJBRDE1NzkwOTQzN0U2NDVCNTZGRjExQUYyNEY3RTc2NzJBRTgpKDB4MDMwRURDNkVFQTE0NjUyQzBBMzgxMDk2ODBEMTQ2RDc2MkVFMzg4QzM0RjY1RjI2M0REQTI2OTBCQjgzQjYwRikpKCgweDA4MjI3RDA2NUFEMDcyOUQ3QUNEMkRBM0E2M0Y2QTI1QkRCMDcyRkJBOEJENzg0OUZGNjQzQzE1NDI4QjU0NDcpKDB4MzQ5NzgzMUVGQkUwMkRDQUU2MTFGMUJEQTExODExQjhCN0QyRENEN0U0RTI4MjE2RDgwMDJFMTEyQ0Q1RUIwQikpKSkoY29lZmZpY2llbnRzKCgoMHgwNTc4N0Q2NzhERkU0NDc1NTIyQjdFNjY0NzZEMDQzMkVFRUQxOUU5REVGOEZDNUY4MDFBNDI3NDgxODc2M0U1KSgweDEzRTE0MDFERTQ3NjBFRjk3Q0ZCMTQ4NENGMjdGOUNFNzk1NzU1QUFCNEI4QkVCRkFCQjM4Qzg4NjQ3N0Y0QjgpKSgoMHgxNjA5QzRBMTM5QzVDMzg5M0QwRTI1MjA3OTI1QTFGODFFMzdFODUxRDc4NDIzRTNDRDk1QjBFMjM3OTBGNUY3KSgweDNDMTY5OEFCMjMzNzc5MzUyNjc0N0MzNzFDNTI2MzBDQjgwNjFFRDA4NzAyQzM4QTM3ODYyNTZGMDU2OUQ2ODkpKSgoMHgzOTg2MDRCMTczN0M2REJBMTcyQUE3MTFGMjczREE0NzhCMzEyOUM3MjQzODZGM0NGOEIxRkM2NTU4Q0FCNzgyKSgweDMxMDBBRjE1MDZFOUZCQUQwQzFFNjk3QzJGNUM2MTRCQUVFNTA4RTY5NEQ2NENBQUIxNzczODE3QUM4RkQ5QTApKSgoMHgzRDBCNDI0QUZCQzU2Q0EwODA0Mjg5OEVEMjNBNjMzOTQ4NUY5Nzc0OENEN0RGOTM0MTdGQjcxMTlERDdDNkZBKSgweDJGRjJDOTM4Rjk2MTcxMURCOEZBQzY5RjFBQTUwQUEyOEMzREExNjdFQzFFODIxODQ4OTFGMzdCNDlBMTkyRDQpKSgoMHgxNTE5MzIxMzkyRDZCQ0FEMjNBOThBRkRCNEQ0QkE4QkFFRUJFMzJGNzk1NkM5NjBCNTIzRjIzRjZFMTJGMUU3KSgweDI4OUFDNzg3NjMwMEI2OTUzMTYzNjVDODYxNjUyODA5RUY4RURDRDFBQTYzNTZEQTQzN0ZFNDNGN0Q4QzdEQjEpKSgoMHgyRTNFMTdBMDM4M0FEMUJEQzVGQjhERjdDRTlGNTBBRDZFMkU3OUQxRTVGRDMwQjVGQzQ3Qjc0RDYzRUFBMzMwKSgweDI0QjVCRTYzQUUwODg3RDRFNjM0QkNGNTg5MjZGQ0JGN0ZGRThDOUM3RTM0MTBCMzQ3MDYxM0JGRjhFNkQ1N0UpKSgoMHgxQTlDRkNGNzA1RDFCRENGQzc3RkZFRDBFN0IxOTNBQjY0QkRFOUQ3OERGNzcxN0Q3MzhCRkU1OTY3Mjk1QjA5KSgweDFEOTA4MUNFNUI2NjEzRDUzRUM0QUQ4N0IzQkEwRDA0QzI0OEM1MDJERjM2QzY3MjBDQkI4NTc5NkQ4Qzg0OUYpKSgoMHgxMDlGMUFDNTMwMzY4RDE4RkZCQjczMEQ2QTY0MTI0NUU2NzlEQjhGRjcxMEVGMzNBODg4M0E3RkU0NEYxRTNBKSgweDFEMzQzRTU0MUUyQTI3NzBCM0E0Q0Q3NTZDMzY2MEE5NTUwMzA4Q0JGREExM0M5ODQyMkZGRUYzMzBGRDNDQjcpKSgoMHgwRjIyNUFDNEVBNUY1NkFBQzVEQzkzRDk0N0MwQkU4REFFMkVERDlGNjg4QzJDOTIyNTg0MDc5Njk4RDI0N0UwKSgweDMyRDZGMzgxMUU4OTgxQUM2MTM0NkZFOTY4QzQ4REQ0MzFFODg5QThENDhDMDU4MjdERDlDQ0VBRUYwQ0FFNEEpKSgoMHgzNzEwOUQzQjNGQjA5NTk3OTgyNDgyRENGQTU0MjQzQjcwNERBQUU1QzIwNUU2MTJCNEYwRjg1MDQwN0YyNDAwKSgweDNCRkMxNDk1QUNCQjc0MDI4MDJEMUFFOUQ3NDc5QUUxNjM0RTc4NjM2MjNFMTUyOThBM0JEQ0E2NzcwNzZBQTEpKSgoMHgzRjEwOTNBOUZBNTgxQzc0NDQ4RTExMEJFNTZERTI1NDI5NkQ3RENCREM2RUE1QkVCM0NBOUUwNEI3MzcwMjhGKSgweDE5RDE4NTRBNzIyRTU4QkQ4RTA2QjYzN0I5QzlEMkIzNDM3Njk1QTcwMzIyN0Q5MjQyNkE1MzU4NUFCOUM2RTUpKSgoMHgyNkJFNkI3ODU2REM1MzkxOUYwRThBMjRENEJERTM2NzhBODU1NkFBMkIxNTQ5RUY5MUZBNUY2QTZEOUYyQjFGKSgweDBGOTE0RjUyMjVFNjlERUIzOTYyRkJFMkNDMDZBMjYxMzc5Qjc5RjM1ODAwQTE4QUQ0QzEwQzJEOTVBMDdDNjMpKSgoMHgwRDIwMTEzRTQ5Nzc0Mjc4QTlBQjczQTZFQUU3NDBDMERFQTVDODU4MUZERjJBMzM4Mjk0RTZEOUEwNUM1MDBEKSgweDJGNjkyODYwNTREREFEOUFFRkUwNjM3QjM2RjEwNDczODY5OUM2NUJBNDZBMDYwM0Y1RjVBOTEyRkFGRkQ0MkMpKSgoMHgxOENDQjk3RDc4QzQ5QTJDQjg4QTZBRTYyQTg4Qzk1NUQxMzFCNzQzMENFMzU5NUVBQ0MzMjQyM0ZGNDM0MzI0KSgweDM5QkU2NDJFNzc5NjkyNzlDNkJFMzM3NDEzRTYzMkJEMUM5QzQxMTQ5QkRBODRGMENGRUI5MEJDMUU5RTcyQkIpKSgoMHgxQjVGMUYyQ0VGQkNGREE4MkJCMDI5RjM5NzI3RDBENTY5RjY4REU3QzkxNDA3ODQ4RUQ2NkM5QTYwQUZGQ0FGKSgweDM1NDg3NEZCNDJFOTREMkE4MUYzNDEyMUE5RTA4QjM1MjZFQzU1NDJEQzk0REVBRDc0QUUzNjVFNzEzMjg0QkQpKSkpKHooKDB4MzhDNDcwQjE0RkY2ODc1RkM1NTM4RUNGQjk1OTk3M0ZGNDlDQ0NFN0M5NDhGMTJFNzAyNURGQ0E4Mjc1RDExNSkoMHgyMzgxRTRFOEU4OTJFQzUxMzZGQUZGMDY5NUUzREMyNEE4ODM4QUE0QTVCREI5MkI0NDNDNTg4OEJENjdCMzVCKSkpKHMoKCgweDIxMjU0RTA3MDlGREY2MzcwNTQ2OTc1NzAwQUNGMUJFODJEOTRDRERBOEZCQ0ZFN0QyMTczQTI0RDAzNzAwRjQpKDB4MkM0MUQ5MzQ5RjFCMUJFREQyMzg0N0I5MTM0ODM4QkUxMkYwOURBMEFBRTYxNzlFN0MwNkYxMzNERUE0QzNENSkpKCgweDBFQTU3NUQ4Q0ZDREYxMEM3Mjc0OEMyNDE4QzEzMzQ5RDAwRDEyNTYxMzA4QjE0MThFQjRFNEIxMzU1RkFEQkIpKDB4MkM2NTc3QjE2NjlFQzAwMEE4MzI1NDBDM0M0RDkyQjlCMThFNTcyMzgyODQ2RkRGRUM0NjNBRUZBM0U0MzYxMCkpKCgweDBFRDNBREQ5RjMyNEIxNUQ0RDZEM0E1N0FCNUZCQ0NBNDQ3MUQyOTBBMUVCMjVFQzlDMTM2NTFFMTE0OTg2NTkpKDB4MTFDMTc2QTVFREE4NjJCM0M4MjU5QjI2MjQ3NzlCQTAwQjJDMERDMUFERkZDNjg5Qzg4QkI1NzE3OUZFNDA4RikpKCgweDFBNjU0MTZCNzc2QkVDMEU1NDI3RTM2ODA5NjM3QzQwQjI5RjI3NkY4NUNDMjREMDUwNjA5MDg2NDk5RTk3MEYpKDB4MzY0REJBRUUzNUYwMjhBRUVCNDNDQjJBQTRBRkE5NTMyNUFCMTVGN0NGMkEwQUFFMTFCMEZDQjZBNUZEN0Q3QykpKCgweDJEQjBDODhCREZENjhCMDEzMzk0RjgxMzkzM0VCOTM0N0U3QUMzRDQyMjRDRkY1Q0Q3QTMzMTgyOTVFNDA4N0EpKDB4MjY4RjBCNzk2MEIwOERGQjg0MTNDNzJFREY4QzFFNkYxMTk5QUM4MEYyOEJCNjZFMjA3RUUwOTQzRjFCOEQ2NikpKCgweDEyOTQyMTVCRDNGM0M0MjYxRjI0ODc2QzY2NzJBMzYwODc1NkExNEQ5MTk1NEQ3QTk4Q0JFOTREOEE2RkE2NzEpKDB4MzgzMTFCMDQ5MzI2NzRDODc2OENENTQ5OTY2MDJFM0E4QjQ1MzAyOUUxQUFBOTY2QjgzREEyNTNEQjAyQzk5NikpKSkoZ2VuZXJpY19zZWxlY3RvcigoMHgwNzE3Qzg5Q0VCMUU0MzRFQTU1NUFCREU4Mzg5QjI5ODJDMzgzNkQ5N0Y5MTM5MTI2M0FENjAzRUM5OTQ4Qjk1KSgweDAwQ0Y4RkU4MTVFNUI1RDgwODlGRkJCRjQyNkYxRjBCNjNFMUYxRDU3ODc5MkYyNzVEOEQ0Njg3RTJEQjQzNzcpKSkocG9zZWlkb25fc2VsZWN0b3IoKDB4MjY5MkM3N0ZBRkEwQTMyQzZCNEZGMjJCQUEwMDUxNzk2QUYyRjkxQUFFQkJBNjMyREE1RDgzOTQyRkZFQ0E1RCkoMHgwRTM2RDVEMzQzQ0ZERTdEN0MxRUNEMDIxRjhBNTgxMkU5NThDMDVCNjhCNEE4NjQ0MTg3MzREM0M4RkRBNzlBKSkpKGNvbXBsZXRlX2FkZF9zZWxlY3RvcigoMHgzMDQ3NkY5QzBBQ0VBOUFBNjFGMDQwQzBGNTUxMzRENUMyQkE5RUZBODM3RDUxNzgxNkM1RDc0QzI2N0EzNTdFKSgweDA4RjlGQkM1Nzg1NTU4MUQ0RjFEN0QwQUNFNTQyMDBGMTkwRTI2RUIzNEYxMUUyMkQ0MjU0QTYzRUM2ODYxNTQpKSkobXVsX3NlbGVjdG9yKCgweDBERjdCMDA4RDVGODAwQTgwRjkyQUU2RkE1MEE5OEMxQTNDOTI5MzU2NEU4NEE1NzcwQ0Y0Q0U1QTdGNTI1NzcpKDB4MEVDOTYzRUZCMDNEMzUwRjA3NDEzRUM1RTE0NzcxQzU2RjYyMTREOTQ1OEE1NTNFNDEzNEVGNDBFMUVGQzQ4RCkpKShlbXVsX3NlbGVjdG9yKCgweDAwMjgxMDk2QkI3RTRBOEQ5QTczM0M4M0YzQzhGRjJCMDE3RTYyRTNGRkU3NDgwQzNDOEYzMkFDRUZFMkU1QzIpKDB4MERFRjBDNDgwRjM4Q0ZFMTVBN0FBNTY1RkE2QTU5QjlBRkQ4QTYxMUU1QTZGNTlGMTVCMkVCQjVCRDhERjE5NCkpKShlbmRvbXVsX3NjYWxhcl9zZWxlY3RvcigoMHgxOTBDM0Q4RkYxOEYzMjBDQzM4Mzc0OTc2MEE1ODE5ODExNkRCN0E3RTI5NjQzNUY1MDk1QkFGMTI1Q0IyQjlEKSgweDMwNDM5OEQzMzc3MzQ2MENCMURBNzc3RThCMzk2Q0EwODc3NTIyNjY3Rjk4RjU4M0Y3MTI3MDg2MTk1M0I5NUMpKSkocmFuZ2VfY2hlY2swX3NlbGVjdG9yKCgoMHgxRTAxRTBGNEJGOUFFNUM2OEE0ODY4OTE5NUQ1Qjc5QzBBN0JBQ0I2QkFDNjQ3MTVFRkNDQUQyQzBDRjNGMDZEKSgweDMyRkNEMjY1QUM2RUY1REE1QjU0QUJDODMxNDcxMjE2QUE2OTIyRkU5NkNCMTU5RjJFNTlDRTYyOUMzNjhEMUQpKSkpKHJhbmdlX2NoZWNrMV9zZWxlY3RvcigoKDB4MEYwQjk5RDAyQUMwNzQ4MDNGNzdDOUQ2QjM5OThDOURFRjZDNDZGMUIyRDYxMkU4MDE1QUI0OEYyNEVDOEZBMikoMHgxMDI3MUU1NzUwREIzQjMwMDUyRThFRDdBQUZCMkUyRENEMDJBOTIzRjlDODhGRENBQ0ZFMDQxMTEwMkMxMEY4KSkpKShmb3JlaWduX2ZpZWxkX2FkZF9zZWxlY3RvcigoKDB4M0MxNDgzRjBBQ0RBNDc2QTgwNDQxMTE5QThDMkMyQjExNDYwNEVEQkVCRUM0RjA0OUM2RTBFM0M5NUI4RDQ0MCkoMHgxQ0EwMjA0RkQ1OEFBOTVBNjgyNzQwNUY1QTZDRTVGNUQ3MjQ5M0RGQ0I3QUIzMkQxRjg0OTc3NTNGQUREODE5KSkpKShmb3JlaWduX2ZpZWxkX211bF9zZWxlY3RvcigpKSh4b3Jfc2VsZWN0b3IoKSkocm90X3NlbGVjdG9yKCkpKGxvb2t1cF9hZ2dyZWdhdGlvbigoKDB4MUQ3QjJBMEI5MTVDNjY1RDkzM0VBQkIxM0U5NUVBOTc4MzExQ0Q3Q0MxNjU2NEQ1MDIzRDI3QTVENTFFQUUwOCkoMHgzOEMzNEMzNEFDNUVBOUZCQTc0OUQyNzFFRDVFQjdDMjNDMzZBNEUzQThFQkYyM0FENDNFOUVCQzI3RTBBMTZGKSkpKShsb29rdXBfdGFibGUoKCgweDJERTUzOTdGQkU4QUE1RTQzMzA0MUE2QjI5Rjk4QzZBNkMwNDJGNDk2MTZCODZDM0RDOTI2MTUxMzM2MUI3M0YpKDB4MzdERDA3N0E4RDM5NTgyMTg0Nzk2RDJFNjcwNkQ4MUM1Q0Y2Njk3QzJENzVEM0RFOTM5RTMzMDA3OEE1MUM2NCkpKSkobG9va3VwX3NvcnRlZCgoKCgweDI1MTMzN0QxMDJENUE2NTc2MjkxQzY0RTlEQTVCRDMzREQ2RTY5RkUwNzA1QUNDRTdBMTA2Q0E0ODE4REI3NzMpKDB4MEUzODc0MDcxMEE4OTFCQkUyRTk4REY0NzE4RDU2RDBCMjlBMkFFRDI0MUQwMTk1NDlGNEFERTFBQThGNjdENikpKSgoKDB4MDIwMkQyNjVFNTI5Njg3MTY1MEZFQjUwNjNFOTQ4Mzg2OEE4RjRCREQ0REM0NzhFMUVDRkUzRDVGNDE2MDVFRSkoMHgyNEYwRkU4NjY5QTgyNEEzODUyRTQ0Mzc1MjQ3Rjk0N0FCREIyNzk2MjU4NDcyMkRDRDRFOTM1NUVCMjdFMkZDKSkpKCgoMHgzNUZFQjYwQjU4MTJGOUNDNzlDQzVDQjU2QjZCRUFFQ0NGMThGNjRFNjU4MUNDQzUzRDI1RTYyRDM5ODBBQkFDKSgweDFBODExQUQ4NTMzRUMxQTQ4RjVGODVFMDg2ODlBRDM3RkNEQjQwNjZCOUFFQ0YzODNFQkJDMzFBNzc4NDU5RUMpKSkoKCgweDE4NzI2NTA3M0REQ0IwNzAzQzhCMDI2QzNDQTRGREU3MDNEQjgyRkUyMjAyMjc1MjQzNEMwNjMxMjkzQzhBNzIpKDB4M0JFMDI0RjU1MEIzQzREQTEzRjcxQTYyMjdFOUUxMjkwM0EwRTE0MDRDOTA2M0Q4RkRFNjZEOUI0QUM4QTBCMikpKSgoKDB4M0FBQThDRUUzRjU3NUYxMzNGNkJFMDc3QzgyNzJEN0MwQjkyMDg1N0Y0QzFEMjc5MDZCQThFMjgwNzY3QkMxRikoMHgxODhDMzgwREZFQkZFQjY0RDlBNjEwMDE1MTM5RUJBREY5M0JCRDc2MTA4QzIwNzNCRTFCNzMyOUIwRTk3M0Y0KSkpKSkocnVudGltZV9sb29rdXBfdGFibGUoKSkocnVudGltZV9sb29rdXBfdGFibGVfc2VsZWN0b3IoKSkoeG9yX2xvb2t1cF9zZWxlY3RvcigpKShsb29rdXBfZ2F0ZV9sb29rdXBfc2VsZWN0b3IoKSkocmFuZ2VfY2hlY2tfbG9va3VwX3NlbGVjdG9yKCgoMHgzQTE5QTc0MDU0QzhGQTcyN0Q1RkQ5NjExOTQ1NTQ5ODVFNDQ3ODczQjNDMEU5QTc1RDVEM0U3RjBEODkyNkFFKSgweDEyMkY4QThEMjgwQUE1OEE5RkZCMDQ3NjhGREJDQ0UyNDQ5MTdBMTgzQTFDQkY0ODQzODU1NjE1RDE0RjJEQjYpKSkpKGZvcmVpZ25fZmllbGRfbXVsX2xvb2t1cF9zZWxlY3RvcigpKSkpKSkoZnRfZXZhbDEgMHgzMDQ0MjIxOTIyNjM1QzlFOUY1MEI5M0Y4OURBN0U0NTFBN0VGOUZBNjFGQkUzQzQ0MkU0QjQ2MTU1NzhDQ0M3KSkpKHByb29mKChjb21taXRtZW50cygod19jb21tKCgweDA4MThCQjVFNjFFNDI1NkY4RDRBQTlCQjdCMjAwMjUwMTlFQkYwRjFFOTc4RUI4RTk5NEZEMkY4MEQ3NEMwQkIgMHgxNUJGODdGOTE1RDg4MzMwRDk1OTcwRjMxMjE4NUEwODg4NDUxRTE5QjVCMkUxNzI2M0VEOEM4QjA3N0JENjVGKSgweDFBRTZERUEwRjZDMEE3NjIwNDQ3ODgxQURBMjc2RjRGQUUyNDI2NzQ2RDA4RkEwNjFFQ0RGNEM4QUVENkI4ODEgMHgwQTFEMTM4N0Q1RDM4QjcyRTY4NjJERDdCMkFCNDk5MkVCQjAxNUFGQzA1OEExQ0UxRkRCQkRGNDk2Njk1NkVCKSgweDJEMzA2MTE3MzM2RkUwNzgzREIzNkQyQ0VCNDNEMjdDQzJFNDQ3MUJCREY3NkNDNjYwMDlFRkI4RTc4MUJCOUQgMHgwOTVFODdDM0U4Q0JGRTdEMERGQzJDNjg5RjkxQTI2M0JBMEIwRjNEQjdGQ0IwNkQwM0I0NjYyMzkyMTM1QUE5KSgweDBENUFBMDY2RTFCOEZCNUE5NjgwNzU5NjA5MzBBMzU2MjI5ODA2QzQ2OUY0MzhFNzFBOUQ5RDJFMUVDNjgyRDggMHgzNzE5QjhCRDU5OEUwMzU4MzY1ODZFMDlEQjk2RjNGQ0Y2N0QwODcwMUU0NDFGRDRBQjM5MjZBOTE2Q0I2OEY0KSgweDFBOTQ4MTJEN0MzMDRGN0I4Qzc3MDlCQjU3OTEwRTMzRkRBQ0VERTJBNEEyMzIzNUU4OUYzNEE2MDVFNkEzQkMgMHgxRDQ5NDlFQjZCNUQ3Njg0MjNDNDdGMEQ5QkM1NUNCQjQwQTE4Nzk2RDAxMDUyOUY2NTQ3NUVBOUNGRTcwMzE5KSgweDFDNzdEQ0UzRUY4REY5ODQxOTJERkZDOEZEMzk4MjZENzA3NjcwNUQyOTRFM0RENkRBNjAzMjdBRjcwOERBQUMgMHgzMkMxNjcwMTlFRTZFOUM2NkI4M0UwOEVGQjM5NDc4RDY0NkEwM0NCQUEzRjg5QUJCMUVFQ0U4OTU1MTFBQjI3KSgweDJDNUYyMkQwQkI2MTM4MUVFRDI4RDUzRjMwNUZBMjE5RDAwNzQ5Mjg1QTkyRkYyQUFFNzRCM0ZCODk3QzgwNkEgMHgxNjk5QzZGQ0M5QjdBMzg4NDEyNzJFNjFBQzI4ODAxOTI2OUU3NjRFQjVBMzk5Nzg2Q0IzMEQ1MjBDN0I4RTE4KSgweDNDOTYyMTZBMzNGQzM0NkFDMThBODMzNjQ0MzIwNTc1NTgwMjg3NDEzQzJGQUU3NUU1QzFBNUY2N0RFRkZBNTAgMHgwQTk3MjhENjk1MTI3N0I3MDBBQTk5ODg2MTVFNkYwQUEwMzVBOUZCQ0Q5REM5NjVDQjlCQTk4MzFEQTIyMTc4KSgweDBGODlDQ0M1MTg0NDcwRDg3MDM2QzY1OUE0MDNBRkU3ODEwREY3RDlDOTBEQjk5MTJFNkNDOUE2QUM2RTY0MzEgMHgxQzBCMkYxMjJFNDRDNUI0MTlGN0EyQTM3QzBEOTZBMTI4RENDRjZGMzdBODZENTFGQTU3Q0IwNDQzMUQ4Qzc2KSgweDE2MzA5MjVFOUUyRTQ4M0UzRDU2NzI4ODE1NzI2QzJGNjhGRDZFOTMyMDNEM0QxRDJGN0RDMTlDQTg5QTg3MUMgMHgwQ0UwMjI0NEIzRjUyNjQ5M0MzMDgwNzZCRDcwNDM1MkRBNDIzQjBCMUU5ODYwOTVFRENCMzcwODZGMjk3RjA5KSgweDA2QUZBQzNCREQ0QzU4MTM4Mjk0NTFERjg3OTU0RkRGN0I0Q0I5MUNCNThDQjRDOTBBQjY4REQ1MjVBNkQ2REIgMHgxRThCRTNGQzEwODJBNzYwMUUxRTk4RTAxQTk1RTk3QUFEQ0I0QkIyOTdDNDhDMTgwOUE1RTBCMTUwMjgyODNCKSgweDBCNjk2OUNDNzc2MTE2RjA2Q0U3NjlCNkExMDQ4QThDNUZDODc5QTk5RkUwMjA3QUVBQkMxNDY1MjgyN0ZDRkIgMHgyQ0UwRjc5NDk5QzMyMEI0OEQ3NjA0QUVGQjBGNkJFOEUyNkNFRjYwNkU1NDUzMUYzNTAxRjQyQkJBMkZENUYwKSgweDMyM0I0MTA2MDRDMDU2NTk2ODJDM0RGOEJEODU2MDQ5NEFDNkExQ0MyQkEyNDJENjU3MzMxOTI3NTgxNTE5RjkgMHgyQTNDQ0M1Mjc1M0U2N0NDMDQ1NUFEQ0Q5NzJBQzIwNTVDQ0NERDc5QkQ0RkRCMDlEMUE4NkJDRTRCMEEyNjZBKSgweDBCOTRDM0I4QTY2ODBCRUY4QjlCMEQ4OENERkQyQzkwNDFCNkNCQkY2RTBENDZDM0I4MEEzQjE1NjEyRDlFMDAgMHgxNTRCMDBCMTU3RjA5MEVGMTJERUVGNEMyMkNFNjQ0NjhGNUE1QzUyQTY5OTE1QTI1QTNGRkI4N0JFMDc2Q0VCKSgweDA5RjM5RTkxMzBCMTBGQkE4RjIwRTg2RTk0MUY5RUM1NDNBMEJEQjQ4ODVEOTg5OTBDRjRCNUJDOEFFRUEzRUIgMHgwOTNEQkIzMzY0QjlGMkMxQzdFODEzM0FERTU5RjIwRDYyMEI5NTQzMThGQTVCRUYzMjA1OTc4QUJDRTBFQTAwKSkpKHpfY29tbSgweDE2NUQzOURCNzVCOTBGQjQwNTdCQTFDN0I5Qjg4OUQ1MzQ3RDcyNjczMzIwQTNEREIzMTIzQ0U3MkQxNEE3RDQgMHgwNUZDMjQ1RjBBNDBBOUY3NEIyNDkzMzU5OUJENTZCNkYxNjkxNTc1RDdFRTA1M0NBODNCNTNFMTczN0IwRDgzKSkodF9jb21tKCgweDBEQ0YyRkM5REZGREVFRDhBNjUzRTQxRTNENjJCMTQyQjc0MzlEQ0VFNTFCQTMzMzI4NEMzOEFFMTRDQ0FEMzggMHgzNkZBRkRCQjFFMDlBNURGMDgyQkIxRUUzODBERjEyMDI1OEVBOThCQkU4NjQ5QzVGNTNCNEIwMTVFOTg0NzI5KSgweDEwOTA1RUFDMjM1OEYwMjhENzgxQzBBNjZENjk1QzdDQjg5MTdBQUIwRDg4OTQ4OTJDNDY0QkE2NkRBMTcxRTEgMHgwODg3RkNFRjA3NzMxMEU3OERCRTQwMDNDNDg0NUM2MTNDMTM1MDY1MDdEMjZBOENFQzdBNkIxOEQxNDUxOUI0KSgweDFDNzRDNDEyMzc3QTJBOEJCNDg0ODlGQjkzNEI5OEMzNjUwNTdGRDNFRTU2QzAyOTAxQzc3NEI2MTREMDkwREIgMHgzMUU1NUFDRkYxRDA0RDU5N0FDM0RFNDAzQUM2NzEwNDZDMDExOEFBRUQxRjI1NTlEQjQ3RTM3OUVBOEUzNDk3KSgweDFCNTI5ODNFN0JFNUJGMTMxQjVBOTEzRUE2OEQxODQ4ODM3QjNEOERGQjNERkQ1OTJFOEMyRjY2OUUyMDI0QUYgMHgzNjBBNjdCMkIyRTc5N0VFQjJEM0FBQjExN0RBRTQyMzE5MzA0MTQyODFENzYwMTNBNjQ1MzNGMzMyNzEwNTJFKSgweDM4NUQ2NUU1REI0MUQzOTk4QUIwQTQzRjVFNjI4RUZCRDdBREQwQUFDRUY4QzMyNTY4OTI2MzAyQjFGRDVFOTUgMHgzQjA1MTE0Q0Q1RkVGREI5REFBRERBRDlCMjQ5NDk0Qjc2MkQ2ODVDQUFGNEZEMDMxRjBBM0YwN0I4Q0NGMTc4KSgweDJCMTM4NUU2NTIyOUY3N0VGQjA0RTY0NTIxOEVDOENFMTVENDNDMzhDNEYwOUNGQTFGMDEyM0I5Q0IyNTY2RDggMHgzOTVFNTczMjU0ODQ3RDNFNzM5QTQ5OTQ1NUUzRUY5QUVCNUZBQUVCOTlDRDUzNDIwMEQ5NjBFMDJGNzM1MUUyKSgweDM2QTMwNzkxQ0Q5MTI0RUIxOURBOThGMkQ3RUZDRTlERkRGRDlBOEE2QTE2M0VFOTgxMDgwNEI2NkM0REE1NDkgMHgxNjExRkVBNTFBRDUzQkNDMEZENjcwRjlGRjMzQ0VGRURENUM3OEMxRDNGRjAyRDhDRjREQTA0Rjg5OTZERUYzKSkpKSkoZXZhbHVhdGlvbnMoKHcoKDB4MDMxN0M2QTc3NkYxOTIwODdEQ0E5QTY4NjU3QURFMTZGMkMyQjY2NTYwOTQzMDEyMzAyRDAxMEI4OTQzRjZFMiAweDA3QzQ2M0M3NkZGNTQ4MDFFM0NCNTc0QjMxOEZEQUM3RkJFMUQ3QzlBNjUxNURFQTRFMzgzMzI4MjcyOEYwNUIpKDB4Mjg5NzBENkVENjI3RUMwOTY5REU2RDE2NUIxMjlFMEUzRUNDNkUwQzkxMkVCNzFFQjkyOEZBMkVERTVFODZBOSAweDA2OUU2RDAxNjgyNUE4NEJDRjQ3QUE4QjI4NDJDQ0FCMkVBMzM2OTY2NkZBNDA5MUY2OURCMTRDM0REQjM0MzMpKDB4MDkzQkYyRUMyMzAwQzRBRjExNDQ4RUVFQTNEMDIyRjEyOUQxRTE1NjVEQ0U3QjgyMkNBM0UwQTVFODZEQTY2MSAweDM3Mjc1Qzg5NTAzQjYzOUVCNDBCREM2RDlENzc2RDU2Nzg4NkE2NEE4M0IzMjU5QTYwQzI0Q0FDODNENTlEM0MpKDB4Mjk5Mzk4QTEyRkFGMUYwREE3MTc5RDk3M0NDMEVGMTZFQjBCMzZDRUMyMEZDRUIzM0Q4QzFEREQyQzFFQzU3NSAweDA4RDhFMjUzMjIxMDk2Rjk0NEJFRDA1MzJBRkRCOUU5QkI3MkE3M0RCRkMxQUQ5OEUyNzYxQTlEQzRDMzQzQUQpKDB4MjEyQjZCOTRCN0E2MzNDQkZFRjEyMTdDNUQ5M0I4QTEwMzFFNkU0Q0FFODM0RTA4OTBGNzEyRDM1ODdFRjJDMCAweDI5RjE1NUEyNzlBNzJFNzRGNjYzNDhEQzZBMDE2QzgxMTZBQkUwMDY3QTZGQkQxMjJDMkQ3M0JFMjU4MjAyMkEpKDB4MTA5MTg2NDU5NDE0MEU0NDEzQzkxNTIwMzU1RjMxQkM3QzFFOUI3N0I5MkFBMzUzMjI2RTgyQzEzRTk1OEM2RiAweDM5MzlEMDdBM0QyQkU2MzQzNzEwQ0NFQjc3MEFBNTQ4RjVDQ0I5QzJGRTNGNzhDMDBCMzFDRkREMkY5NDY2NjIpKDB4MjMwOEJEMjc1RDQyMUIyOTg4MDQzMDE3NjAyMjA3NjVGRjdCQUE4RkI1MThCMDc1NzlFMTU2QUEyMkM0MzM1MyAweDM0MzcyQzY3RjhGOTFDMTFDNzQwMjFFRjY0MjAyQkExMTAzNURGQTk2RDE3NzkyRDM5MURCNjQ0NTZDQjQ1MkUpKDB4MjE3M0E1ODE3MDY5QzQwM0ZFMDcwNjhEMUY3MTMxQ0MxMUFBQzc0ODdBNkMxQTgzMEE3Q0Q0M0VCNzhFMTgwQiAweDIxNjNGOUY3RDg0M0M4QkI2Mzg2Nzk0NjRGNEQ1RTYyMkZDQkFBMjc1Mjg1QzA5OEFFMTlFQTNDNzExQTNDOUYpKDB4MzFGOTZFM0I4MTY3OEU1RTYxOERFQzAzNUFGNkVDRjk3NDI1ODAxNTg3RTc0RjZGM0M3MTBEMDg5QzgxRTZFMCAweDI1QzU1MkQxNEZDM0IxRTRCNkM2REQyRkMyM0MzMTdGQkJBMzNEQkYyNTNBNjc1NDk5QTlDMTU3MjA5REU1NjUpKDB4MTI4MzEwRkFDOTdCQzk2MkJCNDI5NkRCNzZCMEE4MjA3NUU4RjY2MjM0QTNCMTYyNTRERjREOTgzQkQyN0IyNyAweDMyODBFNjA0OTZGMkE0NzE5MDA4OTgxNUNGQTE0NUY5QzkzNDBCREEyMzc4MEFFOUVGQjk2Qjg4NTNGMjEwQjApKDB4MEYyQTBENjFENTVDMUE2OTQyMEE4RkQ0MkNDOTRDMkMxNzMxMzAxMkMzOTE2Qzk5REU3NjA5QkQxN0Q2RjBEMiAweDEyMTdGQjAzOEJGQ0JGNUY1QUU3QUIzQTU1QkE3NEUxNDAzNEMzMzRDMTlDNUJCRjQwMUFFODI2MTA2QUQyMzQpKDB4MzVENjVCQjkzRkE3RTI1NDY5NURCQ0QxQzIwNkE2MDBBMEZFQTc3QTA3QzlFMjRDRjdDOUM4ODY0OTBFNzRBMSAweDI1RDA4NTFBN0FBN0UzNTY2QzlGMEM1MDUyNjVFNkVDOTk3MzIxMkIyNjlDQzU4MDVBN0FEMEREODJBNkY0RjApKDB4MUM2QUIyQzY2MzNENDcwMjFDQUUyNzhGODRBRDYzMDgxQThBMzY0RjY3REVGN0IxMkE3Qjg2MThFRENFNTJDNCAweDA1M0Y4MThBNUY4M0ZFRkYxQTBCNUNBNTcxODcxMjY2RDc1RDY0NjkzMTIxMjk5RDZENEFDOUVDMTIxOTFGNkMpKDB4MEZERjc4RUQ4QzY4OEE4QUE3QTA2OUREMjI0RTU3MkQ4MzA4MkY4MzRBNEYyNjdCN0Y5Q0U2NjdENjJEQUVGOCAweDE4QTdDRDhBRjgyQTJBRUYzRDA4NzM5Q0QyQzdERkVBOEVENTdENEVBODFCOEIwODZGMUEwMzBDQTA3OTEzODIpKDB4MTkyMEQ3M0REOENCQjQyMkQ3RERGNUJFRjlFOTBENzcwQkE1RkE3RTQ2MzUwMTVGNkQyNjAzMTk1NDk2RkEwNSAweDEyNEE3MURFMTk3MDIyQjI4M0E2NzUxMTMwMUY5MkM2NDdDQTY2NjJGQkNFRURDMEFDOTBFODE1NkM5QzczM0IpKSkoY29lZmZpY2llbnRzKCgweDMwNUY4QjIzNjFCOUJCRTEzQzJGQzlDQzhCNjM1MzQzQ0MyNThCMDAyMDY0MzRENzQxODk4NEZEMzU0MzhBNjYgMHgwRDUxQjQyMEU3MkM0MEQyMUNGN0M2OUZDQjA0QUVBRjFBQzIxQzgyNUVDRDVEMzM1ODlGRDBEQzE3ODk4RjZCKSgweDAyNURDRENDQjcyRTJGQkFFRjYzRDA4MjI4NUEwODc2NzZFMDg3RjQxRDdEMjFCNjlFQkQ2NzhBQjM2QTUxMzIgMHgwN0JENkRGMDQ5NTA2RkM2QzFBRDAyM0RGMTMwOTAwNUVGOTZGNTQ0ODFFN0RBNEI5QUM5MUQ1MTcyRkIyNzg5KSgweDNBNjJCNTdFNjExNjVFQ0Q5NzU4QjY1NTIyRDhBODY0RDY5QjlFNjlGNkM1MTNEODg2NEI4REQ0NDg3ODhCOTcgMHgwNzU1OUZBMTVEOUNFQzk1RDM0OUUxNzMxNUY0OUNCMDRCQzMxQTQwMzYxMDNENjJCQzNBOTYxNDY3NEYwQzczKSgweDNFRTdBNjk3MEQ4Q0Y5NzJCOTU1RjVFQjI3MkQ3Njc0RDI4NUZFMzJFMzkwNEYwMDZCQTcyOEM4NkU4NDExN0YgMHgxNDJGQzQ3M0JGMjQxRUQ3QTdDRDg5MEI3NzM1RTMzQ0M4MUM5MUU0NzYzMTc4NEZERDQxMjg3NDE2QzE3NjJCKSgweDIxQzZFODFFNTI2NDE0RDEwNDAyMEZFRTAwM0NCRUMxN0Q5NTFDNTQyMDMzQTg3NkVDQTIxOUU2RjlCMUY0MUQgMHgxMkIzNTQ2N0VGNjJGMzUxQUJDQjBDOTVDRERCOTlCMjVEMTIxODQxQjlGM0I2MzRDQUI5RjRFM0I0NTgzMDE3KSgweDFERDM2NEI3MjJGRDhGQkI3NjMxMDNEMzgzREYyNjdBNzA5NzVCRkNCN0REMDE0N0UxQUREQkVBODY0MTAxOEUgMHgxM0FEREYwQTQ1MEI4MjQyMEQzQTA2RjEyMjc4ODJFRDQyQUNFMDI1MzM1MkQ1RjA1NzdCMjc4NkNEOTBFQTNCKSgweDE0NTY0QzgwNzc3OTE3OUYzOURFOTIxMjhDODhGQ0JGODY0QjE3RDk2NTIyREU1NjFCQzRENTZEM0I3QUMzQjQgMHgxRjAwNjlBQTY5MjA2Q0Q5NDMyRTUwNTVCNzRGOUM5MUREMkVBM0Y1RDcwQjdERTU0QzkwNjNBNDM3RDJGREUwKSgweDM5QkJGRUM2OUJDRjNEQUYyRjI4QTQ3NDJBRjM0NTRDQ0UwQkU4NTQxMTg0RUVCREVDRTY2QTE5MkM2ODIwMjkgMHgxQTI3OTc5NjM5MzAzMjcxRDczQUYxMDk2RkYyOUVDOTE0QjE5ODI5N0I4QUVCRDIxNDQzOEZDQzlGQUY1OTBDKSgweDE4OUQ0Mjg4RDY1RDdBMDdERkJFRThFMjQ5RUNENEMwQzM2Njg0RUU0MTMwMEI1NUIxMjQ1REI1NTM2NjhGQzIgMHgzOENBOEQ1MjY5RTY3REZDNzhENTVFMUMxNzJBRTMxRjMxMzU1QzdCQjhDN0ZGMUVGN0UzNUNBN0U1MDRCQkUyKSgweDIyMDk1NjdDMjk0REVFREUxQkVBOTg0NUQxODQwNEQ4MEFFRkFGRTREQUQ5MjZBREYyQ0Y1NDQxMDg2NzQ0QUMgMHgyODlGRjA4RDY5RDNDQzk0MjdGMzA5QkFBMTFCMUE3MjNDNEMzNTlDNjU4MjVDQTlCMUJENDgxOTlFMzYzMzE0KSgweDA5NkY2MDY1NjBCODBCRjZGQTAwNjZCNDAxMjMzQUU0ODVDRjg2MDBBMjE4NkQ2OTU5MDJDRTAyMEZENDEyOUMgMHgwOUJDMDgwMkEwRDcyQkE1NTUwNTM3OUJDNEY2RkVEOUE4Njg4MkUzNzAyMzRDODFGOTU1OTczRjNCNjNEMUIzKSgweDA5OTQ2MEI0ODU5QTg1MUE0Q0UyMkFFOTQyOUZDNEM1MjZEMTdGQUFFNDQ5NzExQ0FCOTM4OTNEQkU5NEFBNEYgMHgwRTQwN0ZGQjg1QkVBNTBEQkEzNjlGMEI1NTQ1REYyMDI2OEFCMThGMTgyREQ2REEzQTAyOTZGNDRFNEI0RDkwKSgweDBDRDA3QzI0QTcxN0NFOTBERjg5RTc3NDlFRTk1OTczMzJBMzk1NkU0ODkyNUUxN0Q1RjdDNTM3QjEwNzk0NTUgMHgzN0JENTI0MDkwMzU3MzRCNzkzMjZCRjlCQkYzRjk1ODQxQTAwMkU2NEEzMTMyODM2OUY2MzQyRUE0QkIyRjQzKSgweDNFNTNEMjI1OTkwNzMwMUE4ODk1MkY3Njc3MkE2MEJFNEQ4MjZDN0YyNjdFODhBRTVERjZDN0YwQjQyRTZCRDUgMHgxQ0NDNjVGOTczNUYwMDlCNUY1N0I4RDQzRDgzNEExOTAxNkZBN0IwNjIyNUY5NUE5OEQ4QTVDNTBGRjJFRDQ4KSgweDMwNTdGQzg1Q0M5NjM1NkFERUI5OTZFN0VFRTkwNTk0RDMyODU5NjdFQjE0RTQ3NzkyODI1Mzc4QUQ0NjgzOEQgMHgyQTBGRDA0NTNFMzgzQzY1RThFNzQxRDU5OTEzMDJGMDczQUM5RUE3NkEwQTE2NzM2QTk3QzlFMjI4QkU3Q0VGKSkpKHooMHgxRjEyOEFCODU0RkY5RkNDRjgyOTgxODFDNkZCNDcxRTJFNzQzNzY4MzQ5RUQyMDFFMTQ3NDA5NUU2MTc0Q0NFIDB4M0RCNzE0QzY0RTQ5RUU0QjlFM0ZBMzc1Njc2N0ZCMzgyMkZFNDI2RDVBOEU1OUVFRjg0NDFERkE2QURDODE0RikpKHMoKDB4MTlDOEVGQTFDOTAxMDcyODM4QzlCRTNCMzg5REJBN0MwQTVEQzhBNkNENTlBOTNDQTgxODdDNzcxOURDNzFCQSAweDE2NDRBNDZDNzJFMERDM0M3MjFBOEZFRjk0MjJGREU5NjlFNzFGNzM5RjlCMjVCQjJFMDgwRkFEREMwM0M0MzYpKDB4MjIxODQxMDJEMzYxOEYzMjk0NjVFOTdENEZERTlEQjM3NUI2NEYxODJBRkFGQUJDMkVERDJEOEJBREIyNDI2MiAweDBFQTEyQjkxNDE4MTE1M0FGNDNBMDM2RTMzRDNBMjZFRTFFMjM0QkZDQ0ExOEE3RkVGN0VCN0ZCNDlBMzJGRUQpKDB4MUJCODk4MDFBOEJBMTU2NUJCMjQxNDg5NTY3MjY5NUVCNEY3QkFGRjBGOTVEQzhGMzcyNTlGMjdCMDkzQ0UyMiAweDIzQjcwQTcxNUE3OUI0RTlGNUE2RTlGQjA2MjREQTJDQjQzQUIwODBBNDY3NUIzRkI1Mzk1MzY0QkQ2MTY4QUYpKDB4MTY2QzIwRUJCRDU2NDYwRDhGNjdDQTNBQjRDOTEzMzNEMDc0QUE2OERGNTQxREYzRDZFRjQ5NzhERTQ2Nzg1QyAweDAyODVEM0ZBNkY5OTg4NTRFMDhBREQxMTBBQzEyODUwMEM0QkY1ODI3MUU2MzEwMjMwMDM4NTc5MjJDREQzMzIpKDB4MkQxQTI0NUY0NzI1QzE2QTJCN0M4NTMzNTE4QTdGMzA3NzM1MkY0OEE1NkYxREEwQ0NBNzY2QkM0M0FBQTVCOSAweDNDRjAxRDEwODRBODU3MzAwOTMxRkI5RDVBQTMyNTBDMjNBNzc1Q0Y0RUFDQjdGNENGRjY1RTU5QUQ3M0IxQUMpKDB4MjVGOUUzMDFCQjYyQUI5Q0RDMjY3RjMzQ0M0N0I2ODdCQTFFMDFGNDYzMjhDRDc4MDFDMzQ0MzI4OTE3RDQyRCAweDExODVEQ0Q0RkJFM0IzRkM3MDk3OTFCN0M2MDEwN0MxMjY2QUVFNEIzQzFGMzRENUMyRDBCNUVCMkYwMjc2OEIpKSkoZ2VuZXJpY19zZWxlY3RvcigweDNFNzU0NDY3N0RFMzM0NTdCM0NEOTUyMzY1RjNEMkNEMEI4MUEzRTQ1RUQwODc4MTMwODc2MjFGNDZFNUZGQjcgMHgzNTczNTA0Mjk5MEY0RjhDOEI4MDk2RjQzNzVGRDQ4QzkzMTE3NjU1NERCMEY2M0Y4MjA0RjYwQkQ2MzVGN0RBKSkocG9zZWlkb25fc2VsZWN0b3IoMHgxMDYwN0QyM0U0RjczMkQxRkZGMkVGMzAzRUZFMkEyMDdGMjBGQ0E3RTIxRDFBREIxQzNGMDFFQzIyRTcxNEZFIDB4MURGQUQ4QkJBOUUxQ0M2MzYwOUU1QUMxRkIzQTJDOUExQUMyMjMwQTUyM0Q1RkU4NDM0MTMxN0M3RjlBRUI3RikpKGNvbXBsZXRlX2FkZF9zZWxlY3RvcigweDEzNjY0RjU1ODc0MjY5NjQxMDZGRUZDRDQ4RkY1MTQ0NkQ5MEU4Qzg2OTI5M0RCNTE3RTRBQTIzQzY5MkRGRTQgMHgxRkRBMjdFRTYzMDlGNjEwODA2NDAxNTBCMUM2RTA2QzVFQjRFNTY3NDZBNzNGQUY3NzgxRDkxREZEM0YwRjI3KSkobXVsX3NlbGVjdG9yKDB4MEM0QTg1RjBDNjZBRTA5RjY1QTAxMzdDNDAzQzgyMUNBRkIwQjBDQjBCN0Q3NkE5MjI3RkZEQTc2QTIwMTQ2RSAweDNBQzQ0RjBCQzBFMEVDMUQ0RkYwRDFBRDU4N0M0MTM5OEFFMkY1REU1ODI1MEMzNkFDNUIzMkExNjE0MkFBQTQpKShlbXVsX3NlbGVjdG9yKDB4MzdBODA2NTQ1MzNGNDVGQUFCMUU3OURFMUY4NTJCOEE0NDk1OTA5NzNGRUNDOTQxNDBEOTFBRTk3RjFDMUU2QiAweDE2RkE3MjcxMTY3QTcyMDYxRUI5MEQyRDk1QTg0NjI5OTFEQzc0QzY0NUM2OUU3Qzg4QkEyNEZDMERBQzQ2QTEpKShlbmRvbXVsX3NjYWxhcl9zZWxlY3RvcigweDA0QkI0NDYxMzhCQTExRTdCRENCRUQ5NEM0MTNGNjExODNDMUFCNDVCRURCQzNCRUU5ODE1M0EzQTgzMUQ3NUIgMHgyRTFBNkI4MDYzM0VCREQyOTdFQjg3QjRGQkRGRUU3N0QyMUUxQzhCRjQyNURENTBBMDlGMEUzQjREQTVENzc4KSkpKShmdF9ldmFsMSAweDJCMDlEM0JERUMwOTU5NTA3MDE5NzZDNjY5Mjg3Q0FEMzJEN0VCOUZEOTA1NjI0RjEyM0JEOTBDNkMxNTMxNkMpKGJ1bGxldHByb29mKChscigoKDB4MEY5MTFDRjQ3QzY5NzdENTdCOThBNURDMkJCRTBGNDI1QTIwMTc1RjQ4QjVFRDQ4NjIzMTYxRkQxNTcyRjdDRSAweDBFMjU1NUIyMUZBQkM4NzAxQUU1MkM0NjY1RTA4RTM3RkVEQTU1NzU4QjdFMTQ3MTY0MUE3RDE0OEY3N0VEM0UpKDB4MEFBMEJBRDg0NDAzQUYxQzkzMUI2OUQ5MDVFMjZGRTgxRTQxRTg4MUQzMDExQTM5MTdGMUM5RTEzNkY0MUVGNyAweDAzMjlCQUZDQUIzODFEMzAwQzFFRUExMDVEMzVGRThGOERGMDdDNjgxMjk4QUFFNjI1RjBERjM0Q0UwNTBGRTYpKSgoMHgwREQ3QjU3RUQ4RkMzMUE3QzNEMTRGRUNFM0UxODgxRkYwRDJGNkZEQzAxQjQwRjVBQTNENjAzQjlDQTc1MTJDIDB4MjA2NDFEQzIzQjA0M0M1NkRCMUMwNkIzOUEyOTI5Q0MxQTBERjJEQ0U3MDQ5RDFFMzk2MkMwNTUyNDk4QjVCRSkoMHgxNEM1NUMxQTkyRUNBMzY4RTI4MTdEOTlBQTM2RjQzRUY1QTBBN0ExQTQ0REY2RUM4QzI4NTJDRUYyQkI0NjNDIDB4MTZENTRCOTk4RUU5NUE1MkU0RjNGNjk3QUY0OUM5NkFERUM3MjAxRjk2NEI5QjcyNDdFMzBGQzk2QzdCMjk2NSkpKCgweDE5MENFRjc5MEU3NTdBQzY4MURCM0NDNUI5Q0UxNEZGMkM3QzBBRTQzMkMwMTY1NEExRkNGOENENDY0QzIwNzIgMHgzMzdGQThFMDExQzE2MkUxMjU3NUVDOTU1NkQ4QUExNjlBQkRCRjk4RkJGODU1RjlFRThFNkNBNzhENDYyODFCKSgweDAxMEE5QkU5NDAyRDFBMjQxNDU3ODYzMkYyQkIwNjI1NDI5QjYyRUIwMTRGMTk1ODU4MzkwRjJGNDAzMEEyMUYgMHgwQjY4RjVDMTkwQTVGQUE1NTM5QTlCMTI5NzUxM0MwN0MzMTBCMEY4NDBBNjBCRDFFODFDMEExRUM3MjQ1QUI3KSkoKDB4MTk1RjU2RUNEMjhENDlDOTkyREQ0QTYyNDdENUZGQTk5RjE5QzFBMURDMEQ1MkFGMDA2NDU5QkVEQkM3RDA2RCAweDFGNzJBNDE3OUEzMTg1RUQyRTI2QTRGMUU5Mzg3MjVFMTRCMzM1ODM5MkY5NDc0NUJDNEIxREFEMTFDMjM2M0YpKDB4Mjc4RUI3Rjk3MDJBNUNERTQ1QzVDNzJFRkY3NzhFNkZERThCQjc0QUUxOEVDOTMxNDJDODFGMzk3NTI1OTY1RiAweDE5MTQ4QkIxNzZGOTI4MjBCRTRBRjFFQjk3MzFEOTQyN0U3NjEwOTQ2MThFNTdDMzkyN0M2QUNBODg1NURDRTUpKSgoMHgwQTQ2NEYyREYxRUIyMEQyMjcyNzMyMzVDMEM2RjgxMDg0QTZCNEUyOUFEMkJCRjI2QTI3QTE5NTNFODFENDUyIDB4MDZERjFEQTM5QjMyRUEwNTQzNUEwQzMzMTZCOUY0REQwRTE5MTUwNDAxOUQzMEU5ODU4ODRGNUNDNTNCQUFCOCkoMHgxNzcyREMyQkEwN0UwREQ1NDZCN0Y2Q0EyRDUxMkQ4MjFFNDI5MkNGNDExMzA0RTVCNEQ4QzJDRERBRURDNjVGIDB4MUE0OTFFMDkxQjU4MjJGNTlEOTcxREVFNTlEOUFDRjkxNDA0ODAyM0U2NjNGQTM0RjhCQkNFQkQyQzNBQzIwMykpKCgweDM0OTFEMzhEQzhEMUZDQTFCRDcwNUVBODYzQTZBM0FERjcwNTlBM0E1OTY0RTMwODIxOUFFREFBQjRBNUM4MTcgMHgxQTg0NTAyMzMzOUMxQkI2NzdCM0Q0RjY3RjYwMDg2MzUyMTNFOTI3RkZBMDRCNjMxNTIzOEM1RUM4QTM5MENCKSgweDFBNkIzMzVENUE5MUVBNTNDN0REQTdFMkY4MTBCMDAzMUY5MThERDBDRjU1MkY3RDU5NTAwQkI4QURDNTc2MDUgMHgxQ0Q4MzY0N0FGNEQwMUZCRTNCQjE4NDU4MUVGRERCQTEzNkRDQUM3NzE0NDAwNUVFRDk3Qzg4MzNFQTlCRDM1KSkoKDB4MkFCOTc0OTJCRDU0RTZDMzMyRjVBNUIwNTc2N0FBNTRFRUU2OEJFNDRDNERGMjEyNjFBOTNDNUMwRUUwNEEzOSAweDE3MUY1NDgwOEE5OTQyMjBFMEZGMzk1NzNBQThGQUNEQzg3QjUxOTU4OUU3NTMzRDQ2RUUwRUVCNzRCRTc4NTQpKDB4MzM3NjMwRjY5MTMyNzBEQzU4RTY5Q0YxMjEwNjhBRTdFNEFBM0Q3NTk2QUVEQ0UzRTM4OTBDQ0EzRUQ1RkJDRCAweDE5QzAwNjM5NzUwRTVGOTAzMUEzMzY3MUJFNUIwNzQzNzlCMkMwNTYzMjg3QzE0RDI0Mjg5MzhFNUM5NDg3NjEpKSgoMHgxQzUxNjBGRjZBNjMxMkQ5N0M2M0Y4OTU5NjFCRTA4MjU4OTNEODhCOTdBQjZENzk2REUzNURDNDYwN0Y3NjdEIDB4MDMxRDQ2QTdCNDNFRDMxMTYxNjY3NjJFQzAxMURGMUY5RThEODA5NjZBQkJCMEJCNTRDOTAyODRGQjM5Q0Q2MikoMHgzMjFGNTUyOTM0QTVFMzFBQTZBOUNGRDJGMENGMDc4Q0NCOEYwQzRBOTNEQkVCOEI0NEE4NzU1NTZGQTFCNDFFIDB4MEMxOTU0NjM3MTM5MUMwRTg1QkI0QzVEMjNFQTJDRTM3Rjk2N0MwREI2MzYyMTE5NUMzQjY5NkUzQjdCRTBENSkpKCgweDE2QzVEOTQ3RkQwRDU0Q0VGQ0I3Nzk1QUM4NkVGRERENTczNjIzNUVFMUI1N0E0RERGQTRBREZDRkIwQUM2MUMgMHgxQ0U1NUE4QUY3MUUxREVCMjVDNjBDRjU4Q0NEMzQ3REZFNzk3NDdGQTVDOEI0NTVEMTNGNzVCOUFDNUIwODYxKSgweDI3MzU1ODUzMjVDRkU0NDU0MjNGMDFGNUFCQjZFNURBMkNFOTMyRjZGNUY1NTAzNTY3NzVFQkFDMTRDQTI0MkYgMHgzMkUzOUYwRTQwMUM1QUQxNTlCMTc2OTRFMEMyNkYzRjM2OUJFNzI1NjUxRkYwMDNCMzM3MjMzNUNCODIwQTEyKSkoKDB4MEVCQ0VGRjU1MzY2OTU3ODAxOUVGNDQ1MDM0RjJFQTE5RUM1RkM3RUQxNTNGOUU4MDJGRjIzRDA1NjhCMzlBRCAweDNERDA4NDhDRUY5OTQ0OUI1NTdCMjVENEIxMTUyNzYwREMwMEY2ODBGREFBREM2MjFDNEIyMzVCMzg4MEExNUMpKDB4MDBBN0YyQTIzNkRBQTJGQTEwMDNEQTQzMTcwQjUzQkM2QzhBMEY0REYwRDBGRDJFNDNFQUYxMTI2MEM0MDBCRSAweDI5RDE1MzIyMkE0QUZCNTZCOTk4MzI5RUM5M0VENEQwNjcwOUQ5QjZCM0QwQzE1MTI2RTBBRTgxNDk1OTYyNkEpKSgoMHgyNTNCMEZFRjRBNTVBOTk1NDc4RTE3MEY4MTlFRjEwNDA5NDY4NTQzQzU0Q0MwNDg3OTQ2MDRBMDJEOTk1RjcwIDB4MDY4MUQ1Mjg2OEU0N0Q2ODA1MjYyODY2NzI0MUI4Mzk5NEVFNEY4QzlDMkRBOENCQzI5MkIxMjY1MEQwMjNGMSkoMHgyMTYzRTFERkVGRkI5RjJFOTE3MUQyMzcwMTM0OTIwQzYwRTY5NjA3NTQ1ODU1ODA0RDdCRUM1MkZFQUU5MUUyIDB4MEQ4NUU4ODg2MTA1MTAzNzNBRDk1REVDNjYwMEZFREZEMjc3QkNBNUU2MEE0RjQ3MkM3RjcxRTcyQTU4QTI5MykpKCgweDM4MjY3MjI0RDMzQ0IyRUUwOEMyMjY5NDcwMUE0MEQ3QzAwRjAwMDIwOUNCN0EyQjlFQjgxQTI4MkQ2NjRGMEEgMHgwNDNENjlBQjY0NjBERUIwMDcwMTM3MDRDQjY1NERCODAxRDJCQzhDOENCMEUyQkY1REE2NTY4MUJDMkEyMjRFKSgweDFDMTM5RTM4MEE5MUNBRkM2N0ZFQUY2REYzRjk5QUQ5QTM5OEI0MzZBRjdBRjQ5QUEyNDBDREY4Mzg3QUM0NkIgMHgwODM2Nzk3MjEzNUQ1NjUzRkQxNjNENkExMjcwQjE0NzFBMUI4NTFEMDUyRTcxNTA0QTM5QUFCRTlFNzUwMEFCKSkoKDB4M0VFRDEzQzZDMTFCRjY1Nzg2N0QwMkEwMDQxRTg4RkE3OTYyNDQxNzVFMjFCQzlCMENCQkU2M0Q0MjdFODg4RCAweDEwOUQxNTdEMjU4Q0MzRTY0ODVBNzg3NEFFQTBENUQ0MzBEMzlCQkE4QUFFNzkzNUJERkZCNkYxQTRERDgyRUMpKDB4Mjk4QkUzMjhFOEZDOEEyQUJGRjlBRDg5MkQ2NkUzM0NCNDMxMjlGRDJFQjA2OTM2Q0NCNzhBRDFFQURGQTE3NyAweDI0MTZGMTI1MTY1OEE1NzY2QTRCRkMwMUNERkJGQ0NGREI2MkUxMTJBMzY3NUMzOEJENzc4RTc5OTYxMTA2M0EpKSgoMHgwMDgzRDQ0QzBDQTYxQTI1MzlGQkY3QTI5RTk2QjVBQ0VCNUU4OTVCNDE2OUI3RDNCNjEzRDY1NDAyMDYzRkE0IDB4MUEwMUE1NTdFNEVEMUJFNzQ1QkE5RjIwRThBQzZGODU1QkM1MjM1Q0YwRUQzRkExRDA1OTc1MjcxRTVCOTBDOSkoMHgxMDY5N0RDMTgyMkFEMDRCRkNGRDY5OTBBMDg5NTgyOEFBRUE1QjkzNzU3MDE1NDcyN0Q2QzZGMTMzQTJCQzE5IDB4MzAwNUEyNzE1M0Q0NDE3MkYyQUQ2MkY0Njk4MzlFMTYxRjVGQzc1QTg3RTkwQ0MyNDhBNzk3N0QxNkVEMkE1MCkpKCgweDJCN0UwM0NERUU5RTY1OUYzNTRGRUFGMURDM0Y2MzEwODYzMjZENjY4N0Y4OEYwRkNCQTdGNUYwOUJFMDI2MkMgMHgzMzNCRDI3MUFDMTk4RDNGQ0JENjIzQjk5MkMzRDk1Q0I2RjMyNjNEMjhBMjgxRUYzMTE1MzlERjgyQTAzMDQ3KSgweDI2RkMxNkRGMjU1NDQ5NUIwMzYzQjIyMjk1N0ZBNTkwNENEQzk1MTNDNjUyNDJGQ0E0MDAxMzkzNDA3QUIxQjkgMHgxNTBGN0E5MTI2RUQ0MkJFNDI1ODZDMjNDNUY2QzcxOEQxMzI3RTVDNTM1MEVFODAyQkNGM0Q4Qjk2MEQ5NUFFKSkpKSh6XzEgMHgyRTA5M0RCQUZDNjg1N0JBQUE2RTdDNzg2MDg3RDk1QTU1Q0QyNTFFQjAzQjg1QTM0RENBODBEODNCNUMyNkVEKSh6XzIgMHgzQTVGMTgzREMwOEU5NDkwN0RDODUzNUNCMzEzODkzQjI4MjIwOTcxNDhFRjk4QURBN0MwNTk2ODkxMkEwODk1KShkZWx0YSgweDBGRTBBNDg5QTM1RDY5RDgyN0IwREE5RTQ2MUEwQ0E0MEQ5M0ZFN0Q0OTVBMDk5MkFGNzdFQjhFMUVFREQ2QjQgMHgwQ0Q0NzdFN0YxNEM0NzREMjBFMTlEQTA3ODJCNjExQjA2MDg0NUJCRDU4NTNBRDkwOTkwNTFCRENBNDA1MjRFKSkoY2hhbGxlbmdlX3BvbHlub21pYWxfY29tbWl0bWVudCgweDMyRDJBQUJDQkQ2Q0NFOTY3OEJCNTAwREYxQThFRjIwMTEyREVCOEM1NDUxNzNEMjE0MDBDMEY3NjQ1NzA4RjYgMHgzOUVFNjIzNDYyNThGRjAxREU0ODZFRTEzRTExNzFFMTUwNTdDMUY3NDJEMTNCNTVERUM1RjIzNkVDNzE3QkVFKSkpKSkpKQ=="}"

      at Object.<anonymous> (tests/prover.test.ts:71:13)

  console.log
    File has been saved to /home/mzito/.private/identity-prover-vk.identity.json

      at savePrivateFile (src/private.ts:42:15)

  console.log
    ownershipProof:  "27791278665930411937226211483960324531436594519674648137032134434185759156053" "27791278665930411937226211483960324531436594519674648137032134434185759156053"

      at proveIdentityOwnership (src/prover.ts:228:13)

  console.log
    ownershipProof ok?  true

      at proveIdentityOwnership (src/prover.ts:236:13)

  console.log
    verifyIdentity error: Invalid identity 15757076704481216964203221272975197840975555353827181392926190967553152074220 or ownershipProof

      at verifyIdentity (src/prover.ts:178:13)

